// Jest Snapshot v1, https://goo.gl/fbAQLP

exports[`ThemeGrid It matches the snapshot 1`] = `
<div>
  <div
    class="theme"
  >
    <div>
      <h1>
        Chrome
         - Light
      </h1>
      <ul
        class="list"
      >
        <li
          class="item"
        >
          <div
            class="box"
            style="background-color: rgb(255, 255, 255);"
          />
          <div
            class="label"
          >
            <h2>
              backgroundColor
            </h2>
            <h4>
              #FFFFFF
            </h4>
          </div>
        </li>
        <li
          class="item"
        >
          <div
            class="box"
            style="background-color: rgb(236, 57, 65);"
          />
          <div
            class="label"
          >
            <h2>
              error
            </h2>
            <h4>
              #EC3941
            </h4>
          </div>
        </li>
        <li
          class="item"
        >
          <div
            class="box"
            style="background-color: rgb(254, 241, 240);"
          />
          <div
            class="label"
          >
            <h2>
              errorBackground
            </h2>
            <h4>
              #FEF1F0
            </h4>
          </div>
        </li>
        <li
          class="item"
        >
          <div
            class="box"
            style="background-color: rgb(254, 215, 214);"
          />
          <div
            class="label"
          >
            <h2>
              errorBorder
            </h2>
            <h4>
              #FED7D6
            </h4>
          </div>
        </li>
        <li
          class="item"
        >
          <div
            class="box"
            style="background-color: rgb(255, 0, 0);"
          />
          <div
            class="label"
          >
            <h2>
              errorText
            </h2>
            <h4>
              #FF0000
            </h4>
          </div>
        </li>
        <li
          class="item"
        >
          <div
            class="box"
            style="background-color: rgb(48, 57, 66);"
          />
          <div
            class="label"
          >
            <h2>
              textColor
            </h2>
            <h4>
              #303942
            </h4>
          </div>
        </li>
        <li
          class="item"
        >
          <div
            class="box"
            style="background-color: rgb(245, 189, 0);"
          />
          <div
            class="label"
          >
            <h2>
              warning
            </h2>
            <h4>
              #F5BD00
            </h4>
          </div>
        </li>
        <li
          class="item"
        >
          <div
            class="box"
            style="background-color: rgb(255, 251, 229);"
          />
          <div
            class="label"
          >
            <h2>
              warningBackground
            </h2>
            <h4>
              #FFFBE5
            </h4>
          </div>
        </li>
        <li
          class="item"
        >
          <div
            class="box"
            style="background-color: rgb(255, 245, 194);"
          />
          <div
            class="label"
          >
            <h2>
              warningBorder
            </h2>
            <h4>
              #FFF5C2
            </h4>
          </div>
        </li>
        <li
          class="item"
        >
          <div
            class="box"
            style="background-color: rgb(92, 61, 0);"
          />
          <div
            class="label"
          >
            <h2>
              warningText
            </h2>
            <h4>
              #5C3D00
            </h4>
          </div>
        </li>
        <li
          class="item"
        >
          <div
            class="box"
            style="background-color: rgb(237, 242, 252);"
          />
          <div
            class="label"
          >
            <h2>
              blue01
            </h2>
            <h4>
              #EDF2FC
            </h4>
          </div>
        </li>
        <li
          class="item"
        >
          <div
            class="box"
            style="background-color: rgb(207, 232, 252);"
          />
          <div
            class="label"
          >
            <h2>
              blue02
            </h2>
            <h4>
              #CFE8FC
            </h4>
          </div>
        </li>
        <li
          class="item"
        >
          <div
            class="box"
            style="background-color: rgb(26, 115, 232);"
          />
          <div
            class="label"
          >
            <h2>
              blue03
            </h2>
            <h4>
              #1A73E8
            </h4>
          </div>
        </li>
        <li
          class="item"
        >
          <div
            class="box"
            style="background-color: rgb(54, 70, 182);"
          />
          <div
            class="label"
          >
            <h2>
              blue04
            </h2>
            <h4>
              #3646B6
            </h4>
          </div>
        </li>
        <li
          class="item"
        >
          <div
            class="box"
            style="background-color: rgb(45, 11, 201);"
          />
          <div
            class="label"
          >
            <h2>
              blue05
            </h2>
            <h4>
              #2D0BC9
            </h4>
          </div>
        </li>
        <li
          class="item"
        >
          <div
            class="box"
            style="background-color: rgb(153, 68, 0);"
          />
          <div
            class="label"
          >
            <h2>
              brown01
            </h2>
            <h4>
              #994400
            </h4>
          </div>
        </li>
        <li
          class="item"
        >
          <div
            class="box"
            style="background-color: rgb(243, 243, 243);"
          />
          <div
            class="label"
          >
            <h2>
              gray01
            </h2>
            <h4>
              #F3F3F3
            </h4>
          </div>
        </li>
        <li
          class="item"
        >
          <div
            class="box"
            style="background-color: rgb(233, 233, 233);"
          />
          <div
            class="label"
          >
            <h2>
              gray02
            </h2>
            <h4>
              #E9E9E9
            </h4>
          </div>
        </li>
        <li
          class="item"
        >
          <div
            class="box"
            style="background-color: rgb(205, 205, 205);"
          />
          <div
            class="label"
          >
            <h2>
              gray03
            </h2>
            <h4>
              #CDCDCD
            </h4>
          </div>
        </li>
        <li
          class="item"
        >
          <div
            class="box"
            style="background-color: rgb(192, 192, 192);"
          />
          <div
            class="label"
          >
            <h2>
              gray04
            </h2>
            <h4>
              #C0C0C0
            </h4>
          </div>
        </li>
        <li
          class="item"
        >
          <div
            class="box"
            style="background-color: rgb(142, 142, 142);"
          />
          <div
            class="label"
          >
            <h2>
              gray05
            </h2>
            <h4>
              #8E8E8E
            </h4>
          </div>
        </li>
        <li
          class="item"
        >
          <div
            class="box"
            style="background-color: rgb(68, 68, 68);"
          />
          <div
            class="label"
          >
            <h2>
              gray06
            </h2>
            <h4>
              #444444
            </h4>
          </div>
        </li>
        <li
          class="item"
        >
          <div
            class="box"
            style="background-color: rgb(49, 118, 50);"
          />
          <div
            class="label"
          >
            <h2>
              green01
            </h2>
            <h4>
              #317632
            </h4>
          </div>
        </li>
        <li
          class="item"
        >
          <div
            class="box"
            style="background-color: rgb(174, 151, 187);"
          />
          <div
            class="label"
          >
            <h2>
              purple01
            </h2>
            <h4>
              #AE97BB
            </h4>
          </div>
        </li>
        <li
          class="item"
        >
          <div
            class="box"
            style="background-color: rgb(189, 132, 194);"
          />
          <div
            class="label"
          >
            <h2>
              purple02
            </h2>
            <h4>
              #BD84C2
            </h4>
          </div>
        </li>
        <li
          class="item"
        >
          <div
            class="box"
            style="background-color: rgb(136, 18, 128);"
          />
          <div
            class="label"
          >
            <h2>
              purple03
            </h2>
            <h4>
              #881280
            </h4>
          </div>
        </li>
        <li
          class="item"
        >
          <div
            class="box"
            style="background-color: rgb(207, 75, 73);"
          />
          <div
            class="label"
          >
            <h2>
              red01
            </h2>
            <h4>
              #CF4B49
            </h4>
          </div>
        </li>
      </ul>
    </div>
    <div>
      <h1>
        Chrome
         - Dark
      </h1>
      <ul
        class="list"
      >
        <li
          class="item"
        >
          <div
            class="box"
            style="background-color: rgb(37, 37, 37);"
          />
          <div
            class="label"
          >
            <h2>
              backgroundColor
            </h2>
            <h4>
              #252525
            </h4>
          </div>
        </li>
        <li
          class="item"
        >
          <div
            class="box"
            style="background-color: rgb(236, 57, 65);"
          />
          <div
            class="label"
          >
            <h2>
              error
            </h2>
            <h4>
              #EC3941
            </h4>
          </div>
        </li>
        <li
          class="item"
        >
          <div
            class="box"
            style="background-color: rgb(41, 0, 0);"
          />
          <div
            class="label"
          >
            <h2>
              errorBackground
            </h2>
            <h4>
              #290000
            </h4>
          </div>
        </li>
        <li
          class="item"
        >
          <div
            class="box"
            style="background-color: rgb(92, 1, 0);"
          />
          <div
            class="label"
          >
            <h2>
              errorBorder
            </h2>
            <h4>
              #5C0100
            </h4>
          </div>
        </li>
        <li
          class="item"
        >
          <div
            class="box"
            style="background-color: rgb(253, 126, 126);"
          />
          <div
            class="label"
          >
            <h2>
              errorText
            </h2>
            <h4>
              #FD7E7E
            </h4>
          </div>
        </li>
        <li
          class="item"
        >
          <div
            class="box"
            style="background-color: rgb(237, 238, 238);"
          />
          <div
            class="label"
          >
            <h2>
              textColor
            </h2>
            <h4>
              #EDEEEE
            </h4>
          </div>
        </li>
        <li
          class="item"
        >
          <div
            class="box"
            style="background-color: rgb(245, 189, 0);"
          />
          <div
            class="label"
          >
            <h2>
              warning
            </h2>
            <h4>
              #F5BD00
            </h4>
          </div>
        </li>
        <li
          class="item"
        >
          <div
            class="box"
            style="background-color: rgb(51, 43, 0);"
          />
          <div
            class="label"
          >
            <h2>
              warningBackground
            </h2>
            <h4>
              #332B00
            </h4>
          </div>
        </li>
        <li
          class="item"
        >
          <div
            class="box"
            style="background-color: rgb(102, 85, 0);"
          />
          <div
            class="label"
          >
            <h2>
              warningBorder
            </h2>
            <h4>
              #665500
            </h4>
          </div>
        </li>
        <li
          class="item"
        >
          <div
            class="box"
            style="background-color: rgb(253, 252, 248);"
          />
          <div
            class="label"
          >
            <h2>
              warningText
            </h2>
            <h4>
              #FDFCF8
            </h4>
          </div>
        </li>
        <li
          class="item"
        >
          <div
            class="box"
            style="background-color: rgb(154, 187, 219);"
          />
          <div
            class="label"
          >
            <h2>
              blue01
            </h2>
            <h4>
              #9ABBDB
            </h4>
          </div>
        </li>
        <li
          class="item"
        >
          <div
            class="box"
            style="background-color: rgb(89, 166, 201);"
          />
          <div
            class="label"
          >
            <h2>
              blue02
            </h2>
            <h4>
              #59A6C9
            </h4>
          </div>
        </li>
        <li
          class="item"
        >
          <div
            class="box"
            style="background-color: rgb(14, 99, 156);"
          />
          <div
            class="label"
          >
            <h2>
              blue03
            </h2>
            <h4>
              #0E639C
            </h4>
          </div>
        </li>
        <li
          class="item"
        >
          <div
            class="box"
            style="background-color: rgb(9, 61, 105);"
          />
          <div
            class="label"
          >
            <h2>
              blue04
            </h2>
            <h4>
              #093D69
            </h4>
          </div>
        </li>
        <li
          class="item"
        >
          <div
            class="box"
            style="background-color: rgb(25, 37, 56);"
          />
          <div
            class="label"
          >
            <h2>
              blue05
            </h2>
            <h4>
              #192538
            </h4>
          </div>
        </li>
        <li
          class="item"
        >
          <div
            class="box"
            style="background-color: rgb(200, 200, 200);"
          />
          <div
            class="label"
          >
            <h2>
              gray01
            </h2>
            <h4>
              #C8C8C8
            </h4>
          </div>
        </li>
        <li
          class="item"
        >
          <div
            class="box"
            style="background-color: rgb(183, 183, 183);"
          />
          <div
            class="label"
          >
            <h2>
              gray02
            </h2>
            <h4>
              #B7B7B7
            </h4>
          </div>
        </li>
        <li
          class="item"
        >
          <div
            class="box"
            style="background-color: rgb(132, 132, 132);"
          />
          <div
            class="label"
          >
            <h2>
              gray03
            </h2>
            <h4>
              #848484
            </h4>
          </div>
        </li>
        <li
          class="item"
        >
          <div
            class="box"
            style="background-color: rgb(60, 61, 60);"
          />
          <div
            class="label"
          >
            <h2>
              gray04
            </h2>
            <h4>
              #3C3D3C
            </h4>
          </div>
        </li>
        <li
          class="item"
        >
          <div
            class="box"
            style="background-color: rgb(42, 42, 45);"
          />
          <div
            class="label"
          >
            <h2>
              gray05
            </h2>
            <h4>
              #2A2A2D
            </h4>
          </div>
        </li>
        <li
          class="item"
        >
          <div
            class="box"
            style="background-color: rgb(32, 32, 32);"
          />
          <div
            class="label"
          >
            <h2>
              gray06
            </h2>
            <h4>
              #202020
            </h4>
          </div>
        </li>
        <li
          class="item"
        >
          <div
            class="box"
            style="background-color: rgb(242, 151, 102);"
          />
          <div
            class="label"
          >
            <h2>
              orange01
            </h2>
            <h4>
              #F29766
            </h4>
          </div>
        </li>
        <li
          class="item"
        >
          <div
            class="box"
            style="background-color: rgb(238, 137, 83);"
          />
          <div
            class="label"
          >
            <h2>
              orange02
            </h2>
            <h4>
              #EE8953
            </h4>
          </div>
        </li>
        <li
          class="item"
        >
          <div
            class="box"
            style="background-color: rgb(246, 217, 248);"
          />
          <div
            class="label"
          >
            <h2>
              pink01
            </h2>
            <h4>
              #F6D9F8
            </h4>
          </div>
        </li>
        <li
          class="item"
        >
          <div
            class="box"
            style="background-color: rgb(171, 152, 172);"
          />
          <div
            class="label"
          >
            <h2>
              pink02
            </h2>
            <h4>
              #AB98AC
            </h4>
          </div>
        </li>
        <li
          class="item"
        >
          <div
            class="box"
            style="background-color: rgb(208, 214, 251);"
          />
          <div
            class="label"
          >
            <h2>
              purple01
            </h2>
            <h4>
              #D0D6FB
            </h4>
          </div>
        </li>
        <li
          class="item"
        >
          <div
            class="box"
            style="background-color: rgb(152, 127, 253);"
          />
          <div
            class="label"
          >
            <h2>
              purple02
            </h2>
            <h4>
              #987FFD
            </h4>
          </div>
        </li>
      </ul>
    </div>
  </div>
</div>
`;
